// Jest Snapshot v1, https://goo.gl/fbAQLP

exports[`ActivityFeedWidget PHP widget snapshot 1`] = `"<?php"`;
