// Jest Snapshot v1, https://goo.gl/fbAQLP

exports[`ArtistInboxPreviewWidget PHP widget snapshot 1`] = `"<?php"`;
