// Jest Snapshot v1, https://goo.gl/fbAQLP

exports[`EventChatWidget PHP widget snapshot 1`] = `"<?php"`;
