// Jest Snapshot v1, https://goo.gl/fbAQLP

exports[`OrgTeamRosterWidget PHP widget snapshot 1`] = `"<?php"`;
