// Jest Snapshot v1, https://goo.gl/fbAQLP

exports[`WelcomeBoxWidget PHP widget snapshot 1`] = `"<?php"`;
