// Jest Snapshot v1, https://goo.gl/fbAQLP

exports[`ArtPulseNewsFeedWidget PHP widget snapshot 1`] = `"<?php"`;
