// Jest Snapshot v1, https://goo.gl/fbAQLP

exports[`DonationsWidget PHP widget snapshot 1`] = `"<?php"`;
