// Jest Snapshot v1, https://goo.gl/fbAQLP

exports[`DonorActivityWidget PHP widget snapshot 1`] = `"<?php"`;
