// Jest Snapshot v1, https://goo.gl/fbAQLP

exports[`EventsWidget PHP widget snapshot 1`] = `"<?php"`;
