// Jest Snapshot v1, https://goo.gl/fbAQLP

exports[`FavoritesOverviewWidget PHP widget snapshot 1`] = `"<?php"`;
