// Jest Snapshot v1, https://goo.gl/fbAQLP

exports[`MyUpcomingEventsWidget PHP widget snapshot 1`] = `"<?php"`;
