// Jest Snapshot v1, https://goo.gl/fbAQLP

exports[`NearbyEventsWidget PHP widget snapshot 1`] = `"<?php"`;
