// Jest Snapshot v1, https://goo.gl/fbAQLP

exports[`OrgAnalyticsWidget PHP widget snapshot 1`] = `"<?php"`;
