// Jest Snapshot v1, https://goo.gl/fbAQLP

exports[`OrgQuickAddEventWidget PHP widget snapshot 1`] = `"<?php"`;
