// Jest Snapshot v1, https://goo.gl/fbAQLP

exports[`OrgWidgetSharingPanel PHP widget snapshot 1`] = `"<?php"`;
