// Jest Snapshot v1, https://goo.gl/fbAQLP

exports[`ProfileOverviewWidget PHP widget snapshot 1`] = `"<?php"`;
