// Jest Snapshot v1, https://goo.gl/fbAQLP

exports[`QAChecklistWidget PHP widget snapshot 1`] = `"<?php"`;
