// Jest Snapshot v1, https://goo.gl/fbAQLP

exports[`SponsorDisplayWidget PHP widget snapshot 1`] = `"<?php"`;
