// Jest Snapshot v1, https://goo.gl/fbAQLP

exports[`WebhooksWidget PHP widget snapshot 1`] = `"<?php"`;
