// Jest Snapshot v1, https://goo.gl/fbAQLP

exports[`WidgetEventsWidget PHP widget snapshot 1`] = `"<?php"`;
